// Jest Snapshot v1, https://goo.gl/fbAQLP

exports[`LoginScreen button should say login 1`] = `
<View
  onLayout={[Function]}
  style={
    [
      {
        "alignItems": "center",
        "flex": 1,
        "justifyContent": "center",
      },
      {
        "paddingBottom": 0,
      },
    ]
  }
>
  <View
    accessibilityIgnoresInvertColors={true}
    style={
      {
        "flex": 1,
        "height": "100%",
        "justifyContent": "center",
        "width": "100%",
      }
    }
  >
    <Image
      source={
        {
          "uri": "https://media4.giphy.com/media/3og0ISzBpn0nNJE3Ac/giphy.gif?cid=ecf05e47kxc23rf9ldw36iuch1geujlfdvraxnb7gm18sznm&rid=giphy.gif&ct=g",
        }
      }
      style={
        [
          {
            "bottom": 0,
            "left": 0,
            "position": "absolute",
            "right": 0,
            "top": 0,
          },
          {
            "height": "100%",
            "width": "100%",
          },
          undefined,
        ]
      }
    />
    <View
      style={
        {
          "alignItems": "center",
          "flex": 1,
          "justifyContent": "center",
          "top": -20,
        }
      }
    >
      <Text
        style={
          {
            "color": "#F8C98A",
            "flex": 1,
            "fontSize": 60,
            "marginTop": 100,
          }
        }
      >
        Dreamscape
      </Text>
    </View>
    <View
      style={
        {
          "alignItems": "center",
          "flex": 1,
          "justifyContent": "center",
          "top": 20,
        }
      }
    >
      <Text
        style={
          {
            "color": "#F6F6F6",
            "fontSize": 20,
            "right": 90,
          }
        }
      >
        Enter Username
      </Text>
      <TextInput
        onChangeText={[Function]}
        placeholder="Username"
        style={
          {
            "backgroundColor": "#DADADA",
            "borderRadius": 5,
            "fontSize": 20,
            "height": "20%",
            "marginBottom": 10,
            "marginTop": 5,
            "opacity": 0.5,
            "paddingLeft": 10,
            "width": "80%",
          }
        }
        value=""
      />
      <Text
        style={
          {
            "color": "#F6F6F6",
            "fontSize": 20,
            "right": 90,
          }
        }
      >
        Enter Password
      </Text>
      <TextInput
        onChangeText={[Function]}
        placeholder="Password"
        secureTextEntry={true}
        style={
          {
            "backgroundColor": "#DADADA",
            "borderRadius": 5,
            "fontSize": 20,
            "height": "20%",
            "marginBottom": 10,
            "marginTop": 5,
            "opacity": 0.5,
            "paddingLeft": 10,
            "width": "80%",
          }
        }
        value=""
      />
    </View>
    <View
      style={
        {
          "alignItems": "center",
          "flex": 1,
          "justifyContent": "center",
        }
      }
    >
      <View
        style={
          {
            "alignItems": "center",
            "flex": 1,
            "height": "20%",
            "justifyContent": "center",
            "top": 30,
            "width": "70%",
          }
        }
        testID="loginButton"
      >
         
        <View
          accessibilityState={
            {
              "busy": undefined,
              "checked": undefined,
              "disabled": undefined,
              "expanded": undefined,
              "selected": undefined,
            }
          }
          accessibilityValue={
            {
              "max": undefined,
              "min": undefined,
              "now": undefined,
              "text": undefined,
            }
          }
          accessible={true}
          collapsable={false}
          focusable={true}
          onClick={[Function]}
          onResponderGrant={[Function]}
          onResponderMove={[Function]}
          onResponderRelease={[Function]}
          onResponderTerminate={[Function]}
          onResponderTerminationRequest={[Function]}
          onStartShouldSetResponder={[Function]}
          style={
            {
              "alignItems": "center",
              "backgroundColor": "#D28A8E",
              "borderRadius": 5,
              "opacity": 1,
              "padding": 15,
              "width": "100%",
            }
          }
        >
          <Text
            style={
              {
                "color": "#F6F6F6",
                "fontSize": 20,
              }
            }
          >
             Login! 
          </Text>
        </View>
      </View>
    </View>
    <View
      style={
        {
          "alignItems": "center",
          "flex": 1,
          "justifyContent": "center",
        }
      }
    >
      <Text
        style={
          {
            "color": "#F6F6F6",
            "fontSize": 15,
            "padding": 10,
          }
        }
      >
        ────────   Don't have an account?   ────────
      </Text>
      <View
        accessibilityState={
          {
            "busy": undefined,
            "checked": undefined,
            "disabled": undefined,
            "expanded": undefined,
            "selected": undefined,
          }
        }
        accessibilityValue={
          {
            "max": undefined,
            "min": undefined,
            "now": undefined,
            "text": undefined,
          }
        }
        accessible={true}
        collapsable={false}
        focusable={true}
        onClick={[Function]}
        onResponderGrant={[Function]}
        onResponderMove={[Function]}
        onResponderRelease={[Function]}
        onResponderTerminate={[Function]}
        onResponderTerminationRequest={[Function]}
        onStartShouldSetResponder={[Function]}
        style={
          {
            "opacity": 1,
          }
        }
      >
        <Text
          style={
            {
              "color": "#F8C98A",
              "fontSize": 20,
              "padding": 10,
            }
          }
        >
          Create one here!
        </Text>
      </View>
    </View>
  </View>
</View>
`;
