// Jest Snapshot v1, https://goo.gl/fbAQLP

exports[`renders correctly across screens 1`] = `
<View
  style={
    {
      "alignContent": "center",
      "backgroundColor": "white",
      "height": "100%",
      "justifyContent": "center",
      "width": "100%",
    }
  }
>
  <RCTScrollView
    style={
      {
        "flex": 1,
      }
    }
  >
    <View>
      <View
        style={
          {
            "height": 1334,
            "width": 750,
          }
        }
      >
        <Text
          style={
            {
              "alignSelf": "center",
              "color": "#F8C98A",
              "fontSize": 40,
              "top": 150,
            }
          }
        >
           Reset Password 
        </Text>
        <View
          style={
            {
              "alignItems": "center",
              "flex": 1,
              "justifyContent": "center",
              "paddingTop": 200,
            }
          }
        >
          <Text
            style={
              {
                "alignSelf": "flex-start",
                "color": "#3A6496",
                "fontSize": 20,
                "left": 40,
              }
            }
          >
            Enter the email associated with your
          </Text>
          <Text
            style={
              {
                "alignSelf": "flex-start",
                "color": "#3A6496",
                "fontSize": 20,
                "left": 40,
              }
            }
          >
            account:
          </Text>
          <TextInput
            onChangeText={[Function]}
            placeholder="Email"
            style={
              {
                "backgroundColor": "#DADADA",
                "borderRadius": 5,
                "fontSize": 20,
                "height": "20%",
                "marginBottom": 10,
                "marginTop": 5,
                "opacity": 0.5,
                "paddingLeft": 10,
                "width": "80%",
              }
            }
            testID="emailBox"
            value=""
          />
          <Text
            style={
              {
                "alignSelf": "flex-start",
                "color": "#3A6496",
                "fontSize": 20,
                "left": 40,
              }
            }
          >
            Enter new password
          </Text>
          <TextInput
            onChangeText={[Function]}
            placeholder="New password"
            style={
              {
                "backgroundColor": "#DADADA",
                "borderRadius": 5,
                "fontSize": 20,
                "height": "20%",
                "marginBottom": 10,
                "marginTop": 5,
                "opacity": 0.5,
                "paddingLeft": 10,
                "width": "80%",
              }
            }
            testID="newPasswordBox"
            value=""
          />
        </View>
        <View
          style={
            {
              "alignSelf": "center",
              "flex": 1,
              "height": "20%",
              "justifyContent": "center",
              "top": -40,
              "width": "70%",
            }
          }
        >
          <View
            accessibilityState={
              {
                "busy": undefined,
                "checked": undefined,
                "disabled": undefined,
                "expanded": undefined,
                "selected": undefined,
              }
            }
            accessibilityValue={
              {
                "max": undefined,
                "min": undefined,
                "now": undefined,
                "text": undefined,
              }
            }
            accessible={true}
            collapsable={false}
            focusable={true}
            onClick={[Function]}
            onResponderGrant={[Function]}
            onResponderMove={[Function]}
            onResponderRelease={[Function]}
            onResponderTerminate={[Function]}
            onResponderTerminationRequest={[Function]}
            onStartShouldSetResponder={[Function]}
            style={
              {
                "alignItems": "center",
                "backgroundColor": "#D28A8E",
                "borderRadius": 5,
                "opacity": 1,
                "padding": 15,
                "width": "100%",
              }
            }
            testID="resetPasswordButton"
          >
            <Text
              style={
                {
                  "color": "#F6F6F6",
                  "fontSize": 20,
                }
              }
            >
              Reset Password
            </Text>
          </View>
        </View>
        <View>
          <View
            accessibilityState={
              {
                "busy": undefined,
                "checked": undefined,
                "disabled": undefined,
                "expanded": undefined,
                "selected": undefined,
              }
            }
            accessibilityValue={
              {
                "max": undefined,
                "min": undefined,
                "now": undefined,
                "text": undefined,
              }
            }
            accessible={true}
            collapsable={false}
            focusable={true}
            onClick={[Function]}
            onResponderGrant={[Function]}
            onResponderMove={[Function]}
            onResponderRelease={[Function]}
            onResponderTerminate={[Function]}
            onResponderTerminationRequest={[Function]}
            onStartShouldSetResponder={[Function]}
            style={
              {
                "opacity": 1,
              }
            }
            testID="returnButton"
          >
            <Text
              style={
                {
                  "alignSelf": "center",
                  "bottom": 100,
                  "color": "#3A6496",
                  "fontSize": 20,
                }
              }
            >
              Return to login
            </Text>
          </View>
        </View>
      </View>
    </View>
  </RCTScrollView>
</View>
`;
